 *** Starting Verify DRC (MEM: 1818.1) ***

  VERIFY DRC ...... Starting Verification
  VERIFY DRC ...... Initializing
  VERIFY DRC ...... Deleting Existing Violations
  VERIFY DRC ...... Creating Sub-Areas
  VERIFY DRC ...... Using new threading
 VERIFY DRC ...... Sub-Area: {157.680 157.680 234.270 233.520} 9 of 9  Thread : 4
 VERIFY DRC ...... Sub-Area: {0.000 157.680 78.840 233.520} 7 of 9  Thread : 1
 VERIFY DRC ...... Sub-Area: {157.680 0.000 234.270 78.840} 3 of 9  Thread : 7
 VERIFY DRC ...... Sub-Area: {0.000 0.000 78.840 78.840} 1 of 9  Thread : 3
 VERIFY DRC ...... Sub-Area: {78.840 157.680 157.680 233.520} 8 of 9  Thread : 1
 VERIFY DRC ...... Sub-Area: {78.840 0.000 157.680 78.840} 2 of 9  Thread : 3
 VERIFY DRC ...... Sub-Area: {0.000 78.840 78.840 157.680} 4 of 9  Thread : 3
 VERIFY DRC ...... Sub-Area: {157.680 78.840 234.270 157.680} 6 of 9  Thread : 1
 VERIFY DRC ...... Thread : 3 finished.
 VERIFY DRC ...... Thread : 4 finished.
 VERIFY DRC ...... Thread : 0 finished.
 VERIFY DRC ...... Sub-Area: {78.840 78.840 157.680 157.680} 5 of 9  Thread : 1
 VERIFY DRC ...... Thread : 1 finished.

  Verification Complete : 44 Viols.

 Violation Summary By Layer and Type:

	          Short   MetSpc   Totals
	metal1       43        1       44
	Totals       43        1       44

 *** End Verify DRC (CPU: 0:00:03.3  ELAPSED TIME: 2.00  MEM: 140.0M) ***

