 *** Starting Verify DRC (MEM: 1777.4) ***

  VERIFY DRC ...... Starting Verification
  VERIFY DRC ...... Initializing
  VERIFY DRC ...... Deleting Existing Violations
  VERIFY DRC ...... Creating Sub-Areas
  VERIFY DRC ...... Using new threading
 VERIFY DRC ...... Sub-Area: {149.040 0.000 220.590 73.440} 3 of 9  Thread : 0
 VERIFY DRC ...... Sub-Area: {0.000 0.000 74.520 73.440} 1 of 9  Thread : 3
 VERIFY DRC ...... Sub-Area: {149.040 146.880 220.590 218.120} 9 of 9  Thread : 2
 VERIFY DRC ...... Sub-Area: {0.000 146.880 74.520 218.120} 7 of 9  Thread : 4
 VERIFY DRC ...... Sub-Area: {74.520 0.000 149.040 73.440} 2 of 9  Thread : 3
 VERIFY DRC ...... Sub-Area: {74.520 146.880 149.040 218.120} 8 of 9  Thread : 4
 VERIFY DRC ...... Sub-Area: {149.040 73.440 220.590 146.880} 6 of 9  Thread : 3
 VERIFY DRC ...... Sub-Area: {0.000 73.440 74.520 146.880} 4 of 9  Thread : 4
 VERIFY DRC ...... Thread : 2 finished.
 VERIFY DRC ...... Sub-Area: {74.520 73.440 149.040 146.880} 5 of 9  Thread : 4
 VERIFY DRC ...... Thread : 4 finished.

  Verification Complete : 0 Viols.

 *** End Verify DRC (CPU: 0:00:03.7  ELAPSED TIME: 1.00  MEM: 122.0M) ***

